======================================================================
SYSTEME D'AUTOMATISATION - PROFILS CLIENTS LVMH
======================================================================

Initialisation des modules...
OK - Base de donnees initialisee

Chargement des conversations...
OK - CSV charge : 100 conversations
OK - 100 conversations chargees

Analyse et generation des profils...
python : 
Au caractère 
Ligne:1 : 1
+ python main.py 
2>&1 | tee 
test_output.log
+ 
~~~~~~~~~~~~~~~~~~~
    + CategoryInfo  
            : NotS  
  pecified: (:Str   
 ing) [], Remote    
Exception
    + FullyQualifie 
   dErrorId : Nati  
  veCommandError
 
Traitement:   0%|   
       | 0/100 
[00:00<?, ?it/s]
Traitement:  12%|#2 
       | 12/100 
[00:00<00:00, 
115.92it/s]
Traitement:  
24%|##4       | 
24/100 
[00:00<00:00, 
110.02it/s]
Traitement:  
36%|###6      | 
36/100 
[00:00<00:00, 
106.27it/s]
Traitement:  
47%|####6     | 
47/100 
[00:00<00:00, 
105.76it/s]
Traitement:  
59%|#####8    | 
59/100 
[00:00<00:00, 
107.01it/s]
Traitement:  
70%|#######   | 
70/100 
[00:00<00:00, 
106.89it/s]
Traitement:  
81%|########1 | 
81/100 
[00:00<00:00, 
100.36it/s]
Traitement:  
92%|#########2| 
92/100 
[00:00<00:00, 
99.34it/s] 
Traitement: 
100%|##########| 
100/100 
[00:00<00:00, 
103.50it/s]

OK - Tous les profils ont ete generes et sauvegardes !

Generation des statistiques...
OK - Rapport de statistiques sauvegarde : output\reports\statistics.json
OK - Rapport textuel sauvegarde : output\reports\statistics.txt

======================================================================
RESUME
======================================================================
OK - Profils crees : 100
OK - Base de donnees : data/profiles.db
OK - Profils JSON : output/profiles_json/
OK - Rapports : output/reports/

Repartition par statut client :
  - VIP: 47 (47.0%)
  - FidÞle: 33 (33.0%)
  - RÚgulier: 9 (9.0%)
  - Nouveau: 8 (8.0%)
  - Occasionnel: 3 (3.0%)

Top 5 sports mentionnes :
  - Yoga: 14 clients
  - Running: 10 clients
  - Golf: 9 clients
  - Fitness: 9 clients
  - Tennis: 4 clients

======================================================================
Traitement termine avec succes !
======================================================================
