======================================================================
TEST D'INTEGRATION DASHBOARD + TAXONOMIE AVANCEE
======================================================================

1. Test imports modules...
   OK - Tous les 6 modules importes

2. Test tag_extractor base...
   OK - tag_extractor importe

3. Test extraction sur texte riche...
   Base tags: 12 cles
   Age: 26-35
   Budget: <5k
   Ville: europe
   Urgence: 5/5

4. Test extraction avancee (30 categories)...
   Genre: ['Femme', 'Homme']
   Langue: ['Anglais']
   Profession: ['Avocat', 'Relations_publiques', 'Data_IA', 'Cadre']
   Sport: ['Yoga', 'Tennis']
   Musique: ['Classique', 'Jazz']
   Animaux: ['Chat', 'Chien']
   Pieces: ['Baskets', 'Chapeaux', 'Sac_main']
   Couleurs: ['Beige', 'Noir', 'Gris', 'Or']
   Matieres: ['Cuir', 'Cachemire']
   Marques LVMH: ['Loro_Piana', 'Louis_Vuitton']
   Motif: ['Mariage']
   Regime: []
   Valeurs: []
   Canaux: ['WhatsApp', 'Email']

5. Score de completude...
   Categories remplies: 15/18
   Score: 83.3%

6. Test compatibilite dashboard...
   Ligne tableau: {'ID': 'TEST_001', 'Genre': 'Femme', 'Age': '26-35', 'Ville': 'europe', 'Budget': '<5k', 'Marques': 'Loro_Piana, Louis_Vuitton', 'Pieces': 'Baskets, Chapeaux, Sac_main', 'Sport': 'Yoga, Tennis', 'Canaux': 'WhatsApp, Email'}

======================================================================
TOUS LES TESTS PASSES AVEC SUCCES!
Dashboard + Taxonomie Avancee = INTEGRATION OK
======================================================================
